exports[`test Hello world 1`] = `
<p>
  Hello world
</p>
`;
